src/app/api/settings/integrations/test/route.ts(47,182): error TS2554: Expected 2 arguments, but got 3.
