.next/dev/types/validator.ts(612,31): error TS2344: Type 'typeof import("C:/kashapos/src/app/api/purchases/[id]/route")' does not satisfy the constraint 'RouteHandlerConfig<"/api/purchases/[id]">'.
  Types of property 'GET' are incompatible.
    Type '(request: NextRequest, { params }: { params: { id: string; }; }) => Promise<NextResponse<unknown>>' is not assignable to type '(request: NextRequest, context: { params: Promise<{ id: string; }>; }) => void | Response | Promise<void | Response>'.
      Types of parameters '__1' and 'context' are incompatible.
        Type '{ params: Promise<{ id: string; }>; }' is not assignable to type '{ params: { id: string; }; }'.
          Types of property 'params' are incompatible.
            Property 'id' is missing in type 'Promise<{ id: string; }>' but required in type '{ id: string; }'.
.next/types/validator.ts(612,31): error TS2344: Type 'typeof import("C:/kashapos/src/app/api/purchases/[id]/route")' does not satisfy the constraint 'RouteHandlerConfig<"/api/purchases/[id]">'.
  Types of property 'GET' are incompatible.
    Type '(request: NextRequest, { params }: { params: { id: string; }; }) => Promise<NextResponse<unknown>>' is not assignable to type '(request: NextRequest, context: { params: Promise<{ id: string; }>; }) => void | Response | Promise<void | Response>'.
      Types of parameters '__1' and 'context' are incompatible.
        Type '{ params: Promise<{ id: string; }>; }' is not assignable to type '{ params: { id: string; }; }'.
          Types of property 'params' are incompatible.
            Property 'id' is missing in type 'Promise<{ id: string; }>' but required in type '{ id: string; }'.
src/app/api/customers/balance-reminder.route.test.ts(4,1): error TS2578: Unused '@ts-expect-error' directive.
src/app/api/sales/receipt-send.route.test.ts(4,1): error TS2578: Unused '@ts-expect-error' directive.
